   Compiling proc-macro2 v1.0.106
   Compiling unicode-ident v1.0.24
   Compiling quote v1.0.45
   Compiling libc v0.2.186
   Compiling serde_core v1.0.228
   Compiling serde v1.0.228
   Compiling glob v0.3.3
   Compiling prettyplease v0.2.37
   Compiling regex-syntax v0.8.10
   Compiling minimal-lexical v0.2.1
   Compiling libloading v0.8.9
   Compiling bindgen v0.71.1
   Compiling nom v7.1.3
   Compiling clang-sys v1.8.1
   Compiling shlex v1.3.0
   Compiling rustc-hash v2.1.2
   Compiling bitflags v2.11.1
   Compiling cfg-if v1.0.4
   Compiling once_cell v1.21.4
   Compiling syn v2.0.117
   Compiling otterbrix v0.1.0 (/home/notkamil/ITMO/S8/diploma/my/otterbrix/integration/rust/otterbrix)
   Compiling regex-automata v0.4.14
   Compiling getrandom v0.4.2
   Compiling rustix v1.1.4
   Compiling version_check v0.9.5
   Compiling linux-raw-sys v0.12.1
   Compiling cexpr v0.6.0
   Compiling fastrand v2.4.1
   Compiling icu_normalizer_data v2.2.0
   Compiling icu_properties_data v2.2.0
   Compiling stable_deref_trait v1.2.1
   Compiling regex v1.12.3
   Compiling parking_lot_core v0.9.12
   Compiling zmij v1.0.21
   Compiling litemap v0.8.2
   Compiling writeable v0.6.3
   Compiling smallvec v1.15.1
   Compiling thiserror v2.0.18
   Compiling utf8_iter v1.0.4
   Compiling pin-project-lite v0.2.17
   Compiling futures-core v0.3.32
   Compiling memchr v2.8.0
   Compiling scopeguard v1.2.0
   Compiling percent-encoding v2.3.2
   Compiling lock_api v0.4.14
   Compiling form_urlencoded v1.2.2
   Compiling socket2 v0.6.3
   Compiling tempfile v3.27.0
   Compiling mio v1.2.0
   Compiling tracing-core v0.1.36
   Compiling slab v0.4.12
   Compiling futures-sink v0.3.32
   Compiling futures-io v0.3.32
   Compiling futures-task v0.3.32
   Compiling heck v0.5.0
   Compiling synstructure v0.13.2
   Compiling log v0.4.29
   Compiling bytes v1.11.1
   Compiling futures-util v0.3.32
   Compiling parking_lot v0.12.5
   Compiling generic-array v0.14.7
   Compiling crossbeam-utils v0.8.21
   Compiling typenum v1.20.0
   Compiling equivalent v1.0.2
   Compiling autocfg v1.5.0
   Compiling block-buffer v0.10.4
   Compiling tokio v1.52.1
   Compiling crypto-common v0.1.7
   Compiling concurrent-queue v2.5.0
   Compiling proc-macro2-diagnostics v0.10.1
   Compiling foldhash v0.1.5
   Compiling num-traits v0.2.19
   Compiling allocator-api2 v0.2.21
   Compiling heck v0.4.1
   Compiling serde_json v1.0.149
   Compiling event-listener v5.4.1
   Compiling futures-intrusive v0.5.0
   Compiling digest v0.10.7
   Compiling hashbrown v0.15.5
   Compiling serde_derive v1.0.228
   Compiling zerofrom-derive v0.1.7
   Compiling yoke-derive v0.8.2
   Compiling zerovec-derive v0.11.3
   Compiling displaydoc v0.2.5
   Compiling tracing-attributes v0.1.31
   Compiling thiserror-impl v2.0.18
   Compiling tokio-macros v2.7.0
   Compiling crossbeam-queue v0.3.12
   Compiling proc-macro-error-attr2 v2.0.0
   Compiling cpufeatures v0.2.17
   Compiling crc-catalog v2.5.0
   Compiling zerofrom v0.1.7
   Compiling yoke v0.8.2
   Compiling hashbrown v0.17.0
   Compiling tracing v0.1.44
   Compiling zerovec v0.11.6
   Compiling zerotrie v0.2.4
   Compiling tokio-stream v0.1.18
   Compiling parking v2.2.1
   Compiling yansi v1.0.1
   Compiling tinystr v0.8.3
   Compiling potential_utf v0.1.5
   Compiling icu_collections v2.2.0
   Compiling icu_locale_core v2.2.0
   Compiling indexmap v2.14.0
   Compiling proc-macro-error2 v2.0.1
   Compiling icu_provider v2.2.0
   Compiling either v1.15.0
   Compiling icu_normalizer v2.2.0
   Compiling icu_properties v2.2.0
   Compiling crc v3.4.0
   Compiling itertools v0.13.0
   Compiling sha2 v0.10.9
   Compiling hashlink v0.10.0
   Compiling idna_adapter v1.2.2
   Compiling idna v1.1.0
   Compiling itoa v1.0.18
   Compiling url v2.5.8
   Compiling hex v0.4.3
   Compiling dotenvy v0.15.7
   Compiling base64 v0.22.1
   Compiling unicode-xid v0.2.6
   Compiling derive_more-impl v2.1.1
   Compiling ordered-float v4.6.0
   Compiling sqlx-core v0.8.6
   Compiling sea-bae v0.2.1
   Compiling ouroboros_macro v0.18.5
   Compiling async-stream-impl v0.3.6
   Compiling inherent v1.0.13
   Compiling aliasable v0.1.3
   Compiling sqlx-otterbrix v0.1.0 (/home/notkamil/ITMO/S8/diploma/my/otterbrix/integration/rust/sqlx-otterbrix)
   Compiling static_assertions v1.1.0
   Compiling async-stream v0.3.6
   Compiling derive_more v2.1.1
   Compiling sea-query v0.32.7
   Compiling sea-orm-macros v1.1.20
   Compiling async-trait v0.1.89
   Compiling strum v0.26.3
   Compiling seaorm-otterbrix v0.1.0 (/home/notkamil/ITMO/S8/diploma/my/otterbrix/integration/rust/seaorm-otterbrix)
   Compiling ouroboros v0.18.5
   Compiling sqlx-macros-core v0.8.6
   Compiling sqlx-macros v0.8.6
   Compiling sea-orm v1.1.20
   Compiling sqlx v0.8.6
   Compiling otterbrix-sys v0.1.0 (/home/notkamil/ITMO/S8/diploma/my/otterbrix/integration/rust/otterbrix-sys)
    Finished `test` profile [unoptimized + debuginfo] target(s) in 1m 24s
running 0 tests
test result: ok. 0 passed; 0 failed; 0 ignored; 0 measured; 0 filtered out; finished in 0.00s
running 6 tests
test sum_aggregate ... ok
test order_by_asc ... ok
test group_by ... ok
test count_aggregate ... ok
test order_by_desc ... ok
test avg_min_max_aggregates ... ok
test result: ok. 6 passed; 0 failed; 0 ignored; 0 measured; 0 filtered out; finished in 0.46s
running 5 tests
test select_with_where ... ok
test insert_and_select_single_row ... ok
test insert_multiple_rows ... ok
test delete_rows ... ok
test update_rows ... ok
test result: ok. 5 passed; 0 failed; 0 ignored; 0 measured; 0 filtered out; finished in 0.26s
running 4 tests
test has_next_is_true_when_select_returns_rows ... ok
test column_name_returns_none_for_out_of_bounds_index ... ok
test column_logical_type_returns_none_for_negative_index ... ok
test column_logical_type_returns_none_for_out_of_bounds_index ... ok
test result: ok. 4 passed; 0 failed; 0 ignored; 0 measured; 0 filtered out; finished in 0.15s
running 6 tests
test create_collection_returns_cursor ... ok
test create_database_returns_cursor ... ok
test drop_collection_then_database ... ok
test create_table_via_sql ... ok
test cursor_reports_integer_logical_type ... ok
test cursor_reports_logical_type_for_basic_types ... ok
test result: ok. 6 passed; 0 failed; 0 ignored; 0 measured; 0 filtered out; finished in 0.19s
running 1 test
test database_debug ... ok
test result: ok. 1 passed; 0 failed; 0 ignored; 0 measured; 0 filtered out; finished in 0.05s
running 5 tests
test display_invalid_path ... ok
test display_null_pointer ... ok
test display_query_error ... ok
test display_type_mismatch ... ok
test error_implements_std_error_trait ... ok
test result: ok. 5 passed; 0 failed; 0 ignored; 0 measured; 0 filtered out; finished in 0.01s
running 6 tests
test query_error_carries_code_and_message ... ok
test drop_nonexistent_collection_returns_error ... ok
test drop_nonexistent_database_returns_error ... ok
test create_database_twice_returns_error ... ok
test select_from_nonexistent_table ... ok
test invalid_sql_returns_error ... ok
test result: ok. 6 passed; 0 failed; 0 ignored; 0 measured; 0 filtered out; finished in 0.10s
running 3 tests
test database_rs_open_example ... ok
test database_rs_execute_with_params_example ... ok
test lib_rs_quick_start ... ok
test result: ok. 3 passed; 0 failed; 0 ignored; 0 measured; 0 filtered out; finished in 0.27s
running 3 tests
test example_sales_report ... ok
test example_task_journal ... ok
test example_product_search ... ok
test result: ok. 3 passed; 0 failed; 0 ignored; 0 measured; 0 filtered out; finished in 0.27s
running 3 tests
test rows_iterator_count ... ok
test row_index ... ok
test rows_iterator_values ... ok
test result: ok. 3 passed; 0 failed; 0 ignored; 0 measured; 0 filtered out; finished in 0.14s
running 5 tests
test large_select_returns_all_rows ... ok
test many_moderate_strings_round_trip ... ok
test insert_many_rows_in_batches ... ok
test many_open_close_iterations_do_not_leak_resources ... [2026-05-15 14:05:23.301] [__default__] [trace] [pid 22103 tid 22118] executor::execute_sub_plan, session: 4041531575456
test many_repeated_point_queries ... ok
test result: ok. 5 passed; 0 failed; 0 ignored; 0 measured; 0 filtered out; finished in 20.89s
running 4 tests
test open_with_config_builder ... ok
test open_and_drop ... ok
test open_with_explicit_log_level ... ok
test open_multiple_instances ... ok
test result: ok. 4 passed; 0 failed; 0 ignored; 0 measured; 0 filtered out; finished in 0.06s
running 4 tests
test multiple_independent_databases_in_parallel_threads ... ok
test parallel_selects_through_arc_mutex_dont_corrupt ... [2026-05-15 14:05:31.201] [__default__] [trace] [pid 22708 tid 22734] executor::execute_plan, session: 1613410719817
test mixed_read_write_workload_through_arc_mutex ... ok
test parallel_inserts_through_arc_mutex_yield_full_count ... ok
test result: ok. 4 passed; 0 failed; 0 ignored; 0 measured; 0 filtered out; finished in 13.43s
running 3 tests
test where_is_not_null ... ok
test null_from_missing_column ... ok
test where_is_null ... ok
test result: ok. 3 passed; 0 failed; 0 ignored; 0 measured; 0 filtered out; finished in 0.10s
running 20 tests
test injection_quote_in_string_param_is_stored_verbatim ... ok
test duplicate_param_index_last_value_wins ... ok
test injection_with_comment_marker_in_string ... ok
test injection_via_int_param_is_rejected_for_string_payload ... [2026-05-15 14:05:39.952] [__default__] [trace] [pid 22841 tid 22934] spaces::PHASE 1 complete - loaded 0 databases, 0 collections, 0 index definitions, 0 WAL records
test injection_or_1_eq_1_does_not_match_extra_rows ... ok
test delete_with_params ... ok
test insert_all_supported_types ... ok
test injection_with_semicolon_does_not_chain_statements ... [2026-05-15 14:05:39.988] [__default__] [trace] [pid 22841 tid 22931] wrapper_dispatcher_t::execute sql (params) session: 90721000089
test missing_param_is_error ... ok
test insert_repeated_placeholder_one_bind ... ok
test insert_with_dollar_params ... [2026-05-15 14:05:40.136] [__default__] [trace] [pid 22841 tid 22960] manager_dispatcher_t:execute_plan_impl: collection: db.t, session: 140528608060
test select_combined_and_or_with_params ... [2026-05-15 14:05:40.163] [__default__] [trace] [pid 22841 tid 23029] wrapper_dispatcher_t::send_plan session: 154759353180, $create_database: db 
test select_where_bool_param ... ok
test select_where_in_list_with_params ... [2026-05-15 14:05:40.196] [__default__] [trace] [pid 22841 tid 23022] executor::execute_sub_plan finished, success: true
test select_where_with_params ... ok
test unknown_param_index_is_error ... ok
test zero_param_index_is_error ... ok
test select_limit_offset_with_params ... ok
test update_with_params ... ok
test smoke_thousand_repetitions_does_not_deadlock ... ok
test result: ok. 20 passed; 0 failed; 0 ignored; 0 measured; 0 filtered out; finished in 10.81s
running 1 test
test data_persists_across_reopen ... ok
test result: ok. 1 passed; 0 failed; 0 ignored; 0 measured; 0 filtered out; finished in 0.11s
running 17 tests
test extract_integer_value ... ok
test extract_double_nan ... ok
test extract_double_value ... ok
test extract_double_infinity ... ok
test extract_i64_min_and_max ... ok
test extract_empty_string ... [2026-05-15 14:05:51.031] [__default__] [trace] [pid 23087 tid 23176] spaces::manager_index finish
test extract_bool_value ... ok
test column_names ... ok
test value_display ... ok
test value_type_checkers_and_accessors ... ok
test extract_string_value ... [2026-05-15 14:05:51.133] [__default__] [trace] [pid 23087 tid 23219] executor::subplans count 1
test extract_u64_max ... ok
test extract_uint_value ... [2026-05-15 14:05:51.156] [__default__] [trace] [pid 23087 tid 23186] manager_index_t::flush_all_indexes, session: 131634393174
test from_value_typed_extraction ... ok
test from_value_type_mismatch ... ok
test get_value_by_name ... ok
test extract_utf8_strings ... ok
test result: ok. 17 passed; 0 failed; 0 ignored; 0 measured; 0 filtered out; finished in 0.36s
running 0 tests
test result: ok. 0 passed; 0 failed; 0 ignored; 0 measured; 0 filtered out; finished in 0.00s
running 2 tests
test test_create_destroy ... ok
test test_execute_sql ... ok
test result: ok. 2 passed; 0 failed; 0 ignored; 0 measured; 0 filtered out; finished in 0.07s
running 19 tests
test convert::error_mapping_tests::invalid_path_becomes_conn_error ... ok
test convert::error_mapping_tests::null_pointer_becomes_conn_error ... ok
test convert::error_mapping_tests::query_error_becomes_exec_with_code_and_message ... ok
test convert::error_mapping_tests::type_mismatch_becomes_type_error ... ok
test convert::null_for_type_tests::maps_known_logical_types_to_matching_null_variants ... ok
test convert::null_for_type_tests::missing_logical_type_falls_back_to_string_null ... ok
test convert::null_for_type_tests::unknown_logical_type_falls_back_to_string_null ... ok
test convert::placeholder_tests::handles_doubled_single_quote_escape ... ok
test convert::placeholder_tests::leaves_dollar_placeholders_untouched ... ok
test convert::placeholder_tests::rewrites_simple_sequence ... ok
test convert::placeholder_tests::skips_question_inside_double_quoted_identifier ... ok
test convert::placeholder_tests::skips_question_inside_single_quoted_string ... ok
test convert::positional_key_tests::key_width_matches_constant ... ok
test convert::sea_value_to_param_tests::float_widens_to_double ... ok
test convert::sea_value_to_param_tests::signed_integers_widen_to_int64 ... ok
test convert::sea_value_to_param_tests::null_variants_collapse_to_sql_null ... ok
test convert::positional_key_tests::keys_sort_in_index_order ... ok
test convert::sea_value_to_param_tests::unsigned_integers_widen_to_uint64 ... ok
test convert::sea_value_to_param_tests::unsupported_type_returns_type_error ... ok
test result: ok. 19 passed; 0 failed; 0 ignored; 0 measured; 0 filtered out; finished in 0.01s
running 5 tests
test rows_affected_is_zero_for_ddl ... ok
test rows_affected_counts_inserted_rows ... ok
test rows_affected_counts_multi_row_insert ... ok
test rows_affected_counts_updated_rows ... ok
test rows_affected_counts_deleted_rows ... ok
test result: ok. 5 passed; 0 failed; 0 ignored; 0 measured; 0 filtered out; finished in 0.13s
running 1 test
test join_with_duplicate_id_column_uses_positional_keys ... ok
test result: ok. 1 passed; 0 failed; 0 ignored; 0 measured; 0 filtered out; finished in 0.09s
running 4 tests
test insert_and_find_all_via_entity ... ok
test find_multiple_via_entity ... ok
test find_by_id_relies_on_limit_inlining ... ok
test find_with_explicit_limit_and_offset ... ok
test result: ok. 4 passed; 0 failed; 0 ignored; 0 measured; 0 filtered out; finished in 0.26s
running 2 tests
test entity_delete_by_id_removes_row ... ok
test entity_update_changes_field ... ok
test result: ok. 2 passed; 0 failed; 0 ignored; 0 measured; 0 filtered out; finished in 0.17s
running 3 tests
test invalid_sql_surfaces_exec_error ... ok
test unsupported_parameter_type_returns_type_error ... ok
test null_bigint_parameter_is_not_rejected_by_adapter ... ok
test result: ok. 3 passed; 0 failed; 0 ignored; 0 measured; 0 filtered out; finished in 0.06s
running 2 tests
test proxy_rs_otterbrix_proxy_example ... ok
test lib_rs_quick_start ... ok
test result: ok. 2 passed; 0 failed; 0 ignored; 0 measured; 0 filtered out; finished in 0.06s
running 2 tests
test example_book_catalog ... ok
test example_shared_connection ... ok
test result: ok. 2 passed; 0 failed; 0 ignored; 0 measured; 0 filtered out; finished in 1.29s
running 1 test
test from_arc_shares_database_with_outside_code ... ok
test result: ok. 1 passed; 0 failed; 0 ignored; 0 measured; 0 filtered out; finished in 0.06s
running 4 tests
test large_select_via_proxy_returns_all_rows ... ok
test many_open_close_cycles_via_proxy ... ok
test bulk_insert_via_proxy_returns_correct_rows_affected ... ok
test many_point_queries_via_proxy ... ok
test result: ok. 4 passed; 0 failed; 0 ignored; 0 measured; 0 filtered out; finished in 13.65s
running 3 tests
test concurrent_reads_through_cloned_connection ... ok
test concurrent_inserts_through_cloned_connection ... ok
test mixed_writes_and_reads_through_cloned_connection ... ok
test result: ok. 3 passed; 0 failed; 0 ignored; 0 measured; 0 filtered out; finished in 3.94s
running 4 tests
test execute_insert_with_no_params ... ok
test injection_attempt_is_stored_verbatim ... ok
test execute_insert_with_positional_params ... ok
test select_where_uses_params_safely ... ok
test result: ok. 4 passed; 0 failed; 0 ignored; 0 measured; 0 filtered out; finished in 0.14s
running 3 tests
test float_widens_to_double ... ok
test small_int_widens_to_bigint ... ok
test roundtrip_basic_types ... ok
test result: ok. 3 passed; 0 failed; 0 ignored; 0 measured; 0 filtered out; finished in 0.09s
running 34 tests
test convert::arguments_to_params_tests::empty_list_yields_empty_vec ... ok
test convert::arguments_to_params_tests::each_kind_maps_to_matching_sql_param_value ... ok
test convert::arguments_to_params_tests::indices_start_from_one_and_are_sequential ... ok
test convert::error_mapping_tests::invalid_path_becomes_configuration_error ... ok
test convert::error_mapping_tests::null_pointer_becomes_protocol_error ... ok
test convert::error_mapping_tests::query_error_becomes_database_error_with_code_and_message ... ok
test convert::error_mapping_tests::type_mismatch_becomes_protocol_error ... ok
test convert::logical_to_type_info_tests::maps_each_logical_to_expected_kind ... ok
test convert::logical_to_type_info_tests::na_falls_back_to_text ... ok
test convert::logical_to_type_info_tests::none_falls_back_to_text ... ok
test convert::logical_to_type_info_tests::unknown_logical_falls_back_to_text ... ok
test convert::placeholder_tests::count_matches_rewrite ... ok
test convert::placeholder_tests::count_skips_placeholders_inside_strings ... ok
test convert::placeholder_tests::count_zero_for_no_placeholders ... ok
test convert::placeholder_tests::handles_doubled_single_quote_inside_string ... ok
test convert::placeholder_tests::ignores_question_marks_inside_double_quotes ... ok
test convert::placeholder_tests::ignores_question_marks_inside_single_quotes ... ok
test convert::placeholder_tests::leaves_existing_dollar_placeholders_untouched ... ok
test convert::placeholder_tests::rewrites_simple_sequence ... ok
test options::tests::debug_includes_storage_dir ... ok
test options::tests::from_str_with_bare_path_falls_back_to_path ... ok
test options::tests::from_str_with_otterbrix_scheme_double_slash ... ok
test options::tests::from_str_with_otterbrix_scheme_single_slash ... ok
test options::tests::from_url_accepts_otterbrix_scheme ... ok
test options::tests::from_url_rejects_empty_path ... ok
test options::tests::from_url_rejects_other_schemes ... ok
test options::tests::to_url_lossy_round_trips_to_otterbrix_scheme ... ok
test r#type::tests::display_uses_name ... ok
test r#type::tests::from_str_recognises_each_known_name ... ok
test r#type::tests::from_str_rejects_unknown_name ... ok
test r#type::tests::null_kind_reports_is_null ... ok
test r#type::tests::type_compatible_is_reflexive ... ok
test r#type::tests::type_compatible_rejects_non_numeric_cross_kind ... ok
test r#type::tests::type_compatible_treats_numeric_kinds_interchangeably ... ok
test result: ok. 34 passed; 0 failed; 0 ignored; 0 measured; 0 filtered out; finished in 0.01s
running 5 tests
test ddl_reports_zero_rows ... ok[2026-05-15 14:06:12.442] [__default__] [trace] [pid 24096 tid 24119] executor::execute_sub_plan finished, success: true
test last_insert_id_is_zero_for_inserts ... ok
test insert_reports_inserted_count ... [2026-05-15 14:06:12.477] [__default__] [trace] [pid 24096 tid 24105] manager_dispatcher_t::execute_plan: result received, success: true
test delete_reports_deleted_count ... ok
test update_reports_updated_count ... ok
test result: ok. 5 passed; 0 failed; 0 ignored; 0 measured; 0 filtered out; finished in 0.14s
running 5 tests
test decode_f64_from_int_widens ... [2026-05-15 14:06:12.766] [__default__] [trace] [pid 24160 tid 24167] manager_dispatcher_t::execute_plan: result received, success: true
test decode_string_round_trips_utf8 ... ok
test decode_i64_from_bool_via_try_get_unchecked ... [2026-05-15 14:06:12.796] [__default__] [trace] [pid 24160 tid 24161] delete wrapper_dispatcher_t
test decode_i64_from_double_truncates_toward_zero ... ok
test decode_bool_from_int_treats_zero_as_false ... ok
test result: ok. 5 passed; 0 failed; 0 ignored; 0 measured; 0 filtered out; finished in 0.21s
running 1 test
test join_with_duplicate_id_uses_positional_keys ... ok
test result: ok. 1 passed; 0 failed; 0 ignored; 0 measured; 0 filtered out; finished in 0.10s
running 4 tests
test syntactically_invalid_sql_yields_database_error ... [2026-05-15 14:06:13.100] [__default__] [trace] [pid 24239 tid 24270] executor::execute_sub_plan, session: 19567274903
test select_from_missing_table_yields_database_error ... ok
test decoding_string_into_i64_yields_column_decode_error ... ok
test decoding_null_into_non_optional_yields_column_decode_error ... ok
test result: ok. 4 passed; 0 failed; 0 ignored; 0 measured; 0 filtered out; finished in 0.10s
running 1 test
test lib_rs_quick_start ... ok
test result: ok. 1 passed; 0 failed; 0 ignored; 0 measured; 0 filtered out; finished in 0.07s
running 2 tests
test example_feature_flags ... ok
test example_order_stats ... ok
test result: ok. 2 passed; 0 failed; 0 ignored; 0 measured; 0 filtered out; finished in 0.27s
running 8 tests
test executor_prepare_with_returns_statement_with_param_count ... ok
test executor_describe_returns_unsupported_protocol_error ... ok
test close_hard_consumes_connection ... ok
test ping_can_be_called_repeatedly ... ok
test round_trip_f32_via_double_column ... ok
test bind_borrowed_str_works ... ok
test round_trip_all_signed_integer_widths ... ok
test round_trip_all_unsigned_integer_widths ... ok
test result: ok. 8 passed; 0 failed; 0 ignored; 0 measured; 0 filtered out; finished in 0.20s
running 4 tests
test large_select_decodes_all_rows ... [2026-05-15 14:06:15.855] [__default__] [trace] [pid 24431 tid 24438] wrapper_dispatcher_t::execute session: 343316732775
test bulk_insert_and_full_select ... ok
test many_open_close_cycles ... ok
test many_point_queries ... ok
test result: ok. 4 passed; 0 failed; 0 ignored; 0 measured; 0 filtered out; finished in 10.11s
running 2 tests
test log_statements_disable_via_off_filter_still_works ... ok
test log_statements_setting_does_not_break_queries ... ok
test result: ok. 2 passed; 0 failed; 0 ignored; 0 measured; 0 filtered out; finished in 0.08s
running 3 tests
test independent_connections_in_parallel_tasks ... ok
test concurrent_reads_through_shared_arc_mutex ... ok
test shared_connection_through_arc_mutex ... ok
test result: ok. 3 passed; 0 failed; 0 ignored; 0 measured; 0 filtered out; finished in 2.92s
running 1 test
test insert_select_and_param ... ok
test result: ok. 1 passed; 0 failed; 0 ignored; 0 measured; 0 filtered out; finished in 0.13s
running 5 tests
test flush_is_ok_and_should_flush_is_false ... ok
test ping_is_ok_and_close_is_ok ... ok
test shrink_buffers_does_not_panic ... ok
test begin_returns_protocol_error_with_explanatory_message ... ok
test execute_invalid_dml_returns_database_error_then_connection_remains_usable ... ok
test result: ok. 5 passed; 0 failed; 0 ignored; 0 measured; 0 filtered out; finished in 0.10s
running 8 tests
test round_trip_bool ... ok
test round_trip_unsigned_integers ... ok
test encode_option_some_round_trips ... ok
test option_decodes_null_as_none_and_value_as_some ... ok
test round_trip_floats ... ok
test round_trip_signed_integers ... ok
test round_trip_string_including_utf8 ... ok
test round_trip_narrow_signed_integers ... ok
test result: ok. 8 passed; 0 failed; 0 ignored; 0 measured; 0 filtered out; finished in 0.37s
   Doc-tests otterbrix
running 4 tests
test otterbrix/src/database.rs - database::Database::open (line 187) - compile ... ok
test otterbrix/src/database.rs - database::Database::execute_with_params (line 245) - compile ... ok
test otterbrix/src/lib.rs - (line 31) - compile ... ok
test otterbrix/src/value.rs - value::Value::get (line 145) ... ok
test result: ok. 4 passed; 0 failed; 0 ignored; 0 measured; 0 filtered out; finished in 0.23s
   Doc-tests otterbrix_sys
running 0 tests
test result: ok. 0 passed; 0 failed; 0 ignored; 0 measured; 0 filtered out; finished in 0.00s
   Doc-tests seaorm_otterbrix
running 2 tests
test seaorm-otterbrix/src/proxy.rs - proxy::OtterbrixProxy (line 44) - compile ... ok
test seaorm-otterbrix/src/lib.rs - (line 20) - compile ... ok
test result: ok. 2 passed; 0 failed; 0 ignored; 0 measured; 0 filtered out; finished in 0.12s
   Doc-tests sqlx_otterbrix
running 4 tests
test sqlx-otterbrix/src/options.rs - options::OtterbrixConnectOptions (line 38) - compile ... ok
test sqlx-otterbrix/src/database.rs - database::Otterbrix (line 14) - compile ... ok
test sqlx-otterbrix/src/lib.rs - (line 29) - compile ... ok
test sqlx-otterbrix/src/type.rs - r#type::OtterbrixTypeInfo (line 31) ... ok
test result: ok. 4 passed; 0 failed; 0 ignored; 0 measured; 0 filtered out; finished in 0.45s
